
 Fujitsu Fortran Version 4.6.1  Mon Oct 27 15:44:42 2025

 Compilation information
   Current directory : /IFS/nwpr/gfs/xb157/CICE/GEPSv3/coupler
   Source file       : cpl_rank.F90

 Option information
   Command line options : -Kident_mpi -f2004 -c -X9 -Free -CcdRR8 -Cpp -Kfast,parallel,openmp,ocl -Ksimd=1 -SSL2BLAMP -x- -fw -Ec -Nlst=a,lst=d,lst=i,lst=p,lst=t,lst=x -Koptmsg=2 -Ncheck_intrfunc -I/data/common/gfs/GEPSv3_lib/fx1000/MCT/include -I/data/common/gfs/GEPSv3_lib/fx1000/netcdf-4.7.4/include -I/opt/FJSVxtclanga/.common/MELI025/include/mpi/fujitsu -I/opt/FJSVxtclanga/.common/MELI025/lib64 -Knointentopt
   Cpp options          : -I/data/common/gfs/GEPSv3_lib/fx1000/MCT/include -I/data/common/gfs/GEPSv3_lib/fx1000/netcdf-4.7.4/include -I/opt/FJSVxtclanga/.common/MELI025/include/mpi/fujitsu -I/opt/FJSVxtclanga/.common/MELI025/lib64 -Dunix -Dlinux -D__FUJITSU -D__FRT_major__=4 -D__FRT_minor__=6 -D__FRT_patchlevel__=1 -D__FRT_version__="4.6.1" -D__aarch64__ -D__unix -D_OPENMP=201511 -D__frt_version=800 -D__ARM_ARCH=8 -D__ARM_FEATURE_SVE -D__ELF__ -D__unix__ -D__linux__ -D__linux -Asystem(unix) -otmp
   Effective options    : -fw -g0 -AE -Ec -Free -O3 -X9
                          -CcdRR8 -x- -xaccept=nomodule_allocatable
                          -KA64FX -KARMV8_3_A -KSVE -Kalign_commons
                          -Kalign_loops -Knoarray_declaration_opt
                          -Kassume=noshortloop -Kassume=nomemory_bandwidth
                          -Kassume=notime_saving_compilation -Kauto
                          -Kautoobjstack -Knocalleralloc -Kcmodel=small
                          -Keval -Keval_noconcurrent -Knoextract_stride_store
                          -Knofenv_access -Kfp_contract -Kfp_relaxed
                          -Kfsimple -Kfz -Khpctag -Kilfunc=procedure
                          -Knointentopt -Klargepage -Kloop_blocking
                          -Kloop_fission -Kloop_nofission_stripmining
                          -Kloop_fission_threshold=50 -Kloop_fusion
                          -Kloop_interchange -Kloop_part_parallel
                          -Kloop_part_simd -Kloop_perfect_nest
                          -Kloop_noversioning -Knolto -Kmfunc=1 -Kocl
                          -Komitfp -Knooptlib_string -Koptmsg=2
                          -Knopc_relative_literal_loads -Kplt -Knopreex
                          -Kprefetch_noconditional -Kprefetch_noindirect
                          -Kprefetch_sequential=auto -Kprefetch_nostride
                          -Kprefetch_cache_level=all -Kprefetch_noinfer
                          -Kprefetch_strong -Kprefetch_strong_L2 -Knopreload
                          -Ksch_post_ra -Ksch_pre_ra -Ksibling_calls -Ksimd=1
                          -Ksimd_packed_promotion -Ksimd_reduction_product
                          -Ksimd_reg_size=512 -Ksimd_nouncounted_loop
                          -Ksimd_use_multiple_structures -Knostriping
                          -Knosubscript_opt -Kswp -Kswp_freg_rate=100
                          -Kswp_ireg_rate=100 -Kswp_preg_rate=100
                          -Kswp_policy=auto -Ktemparraystack -Kunroll
                          -Knounroll_and_jam -Knozfill
                          -Kopenmp -Kopenmp_noassume_norecurrence
                          -Kopenmp_nocollapse_except_innermost
                          -Kopenmp_noordered_reduction -Knoopenmp_simd
                          -Kthreadsafe -Kparallel -Kparallel_nofp_precision
                          -Knoarray_private -Knodynamic_iteration -Kreduction
                          -Kregion_extension
                          -Nallextput -Nnoalloc_assign
                          -Ncancel_overtime_compilation -Nnocheck_global
                          -Ncheck_intrfunc -Nnocoarray -Nnocompdisp
                          -Nnocopyarg -Nnocoverage -Nfjprof -Nfreealloc
                          -Nf90move -Nnohook_func -Nnohook_time -Nlibomp
                          -Nline -Nlst -Nlst=a -Nlst=d -Nlst=i -Nlst=p
                          -Nlst=t -Nlst=x -Nnomallocfree -Nnoobsfun
                          -Nnoprivatealloc -Nquickdbg=noargchk
                          -Nquickdbg=nosubchk -Nquickdbg=noundef -NRnotrap
                          -Nnorecursive -Nnoreordered_variable_stack
                          -Nrt_notune -Nnosave -Nsetvalue=noheap
                          -Nsetvalue=nostack -Nsetvalue=noscalar
                          -Nsetvalue=noarray -Nsetvalue=nostruct -Nuse_rodata

 Module "cpl_rank"
  (inc)(line-no.)(nest)(optimize)
               1                     module cpl_rank
               2                       implicit none
               3                     
               4                       integer, parameter :: n_comp_all = 4
               5                     
               6                       integer :: id_gfs  = 1
               7                       integer :: id_gocn = 3
               8                       integer :: id_rsm  = 2
               9                       integer :: id_rocn = 4
              10                     
              11                       integer :: nproc_comp_all(n_comp_all) = 0
              12                       integer :: ngrid_comp_all(n_comp_all) = 0
              13                       logical :: l_comp_act(n_comp_all)     = .false.
              14                     
              15                       integer :: avsize(n_comp_all) = 0
              16                       integer :: myrank_root_all = 0
              17                       integer :: rank_root_all(n_comp_all) = 0
              18                     end module cpl_rank

 Procedure information
   Lines      : 18
   Statements : 14
   Stack(byte): 352
   Prefetch num: 0

 Scoping unit of module : cpl_rank
   Attribute and Cross reference of name
     avsize
      |(Class and Type) : variable name, INTEGER(4)
      |(Attributes)     : PUBLIC, DIMENSION, initialized
      |(Declaration)    : 15
      |(Definition)     : 
      |(Reference)      : 
     cpl_rank
      |(Class and Type) : module name
      |(Attributes)     : 
      |(Declaration)    : 1
      |(Definition)     : 
      |(Reference)      : 18
     id_gfs
      |(Class and Type) : variable name, INTEGER(4)
      |(Attributes)     : PUBLIC, initialized
      |(Declaration)    : 6
      |(Definition)     : 
      |(Reference)      : 
     id_gocn
      |(Class and Type) : variable name, INTEGER(4)
      |(Attributes)     : PUBLIC, initialized
      |(Declaration)    : 7
      |(Definition)     : 
      |(Reference)      : 
     id_rocn
      |(Class and Type) : variable name, INTEGER(4)
      |(Attributes)     : PUBLIC, initialized
      |(Declaration)    : 9
      |(Definition)     : 
      |(Reference)      : 
     id_rsm
      |(Class and Type) : variable name, INTEGER(4)
      |(Attributes)     : PUBLIC, initialized
      |(Declaration)    : 8
      |(Definition)     : 
      |(Reference)      : 
     l_comp_act
      |(Class and Type) : variable name, LOGICAL(4)
      |(Attributes)     : PUBLIC, DIMENSION, initialized
      |(Declaration)    : 13
      |(Definition)     : 
      |(Reference)      : 
     myrank_root_all
      |(Class and Type) : variable name, INTEGER(4)
      |(Attributes)     : PUBLIC, initialized
      |(Declaration)    : 16
      |(Definition)     : 
      |(Reference)      : 
     n_comp_all
      |(Class and Type) : named constant, INTEGER(4)
      |(Attributes)     : PUBLIC
      |(Declaration)    : 4
      |(Definition)     : 
      |(Reference)      : 11  12  13  15  17
     ngrid_comp_all
      |(Class and Type) : variable name, INTEGER(4)
      |(Attributes)     : PUBLIC, DIMENSION, initialized
      |(Declaration)    : 12
      |(Definition)     : 
      |(Reference)      : 
     nproc_comp_all
      |(Class and Type) : variable name, INTEGER(4)
      |(Attributes)     : PUBLIC, DIMENSION, initialized
      |(Declaration)    : 11
      |(Definition)     : 
      |(Reference)      : 
     rank_root_all
      |(Class and Type) : variable name, INTEGER(4)
      |(Attributes)     : PUBLIC, DIMENSION, initialized
      |(Declaration)    : 17
      |(Definition)     : 
      |(Reference)      : 

 Total information
   Procedures       : 1
   Total lines      : 18
   Total statements : 14
   Total stack(byte): 352
   Total prefetch num: 0

