
 Fujitsu Fortran Version 4.6.1  Mon Oct 27 15:44:42 2025

 Compilation information
   Current directory : /IFS/nwpr/gfs/xb157/CICE/GEPSv3/coupler
   Source file       : cpl_init.F90

 Option information
   Command line options : -Kident_mpi -f2004 -c -X9 -Free -CcdRR8 -Cpp -Kfast,parallel,openmp,ocl -Ksimd=1 -SSL2BLAMP -x- -fw -Ec -Nlst=a,lst=d,lst=i,lst=p,lst=t,lst=x -Koptmsg=2 -Ncheck_intrfunc -I/data/common/gfs/GEPSv3_lib/fx1000/MCT/include -I/data/common/gfs/GEPSv3_lib/fx1000/netcdf-4.7.4/include -I/opt/FJSVxtclanga/.common/MELI025/include/mpi/fujitsu -I/opt/FJSVxtclanga/.common/MELI025/lib64 -Knointentopt
   Cpp options          : -I/data/common/gfs/GEPSv3_lib/fx1000/MCT/include -I/data/common/gfs/GEPSv3_lib/fx1000/netcdf-4.7.4/include -I/opt/FJSVxtclanga/.common/MELI025/include/mpi/fujitsu -I/opt/FJSVxtclanga/.common/MELI025/lib64 -Dunix -Dlinux -D__FUJITSU -D__FRT_major__=4 -D__FRT_minor__=6 -D__FRT_patchlevel__=1 -D__FRT_version__="4.6.1" -D__aarch64__ -D__unix -D_OPENMP=201511 -D__frt_version=800 -D__ARM_ARCH=8 -D__ARM_FEATURE_SVE -D__ELF__ -D__unix__ -D__linux__ -D__linux -Asystem(unix) -otmp
   Effective options    : -fw -g0 -AE -Ec -Free -O3 -X9
                          -CcdRR8 -x- -xaccept=nomodule_allocatable
                          -KA64FX -KARMV8_3_A -KSVE -Kalign_commons
                          -Kalign_loops -Knoarray_declaration_opt
                          -Kassume=noshortloop -Kassume=nomemory_bandwidth
                          -Kassume=notime_saving_compilation -Kauto
                          -Kautoobjstack -Knocalleralloc -Kcmodel=small
                          -Keval -Keval_noconcurrent -Knoextract_stride_store
                          -Knofenv_access -Kfp_contract -Kfp_relaxed
                          -Kfsimple -Kfz -Khpctag -Kilfunc=procedure
                          -Knointentopt -Klargepage -Kloop_blocking
                          -Kloop_fission -Kloop_nofission_stripmining
                          -Kloop_fission_threshold=50 -Kloop_fusion
                          -Kloop_interchange -Kloop_part_parallel
                          -Kloop_part_simd -Kloop_perfect_nest
                          -Kloop_noversioning -Knolto -Kmfunc=1 -Kocl
                          -Komitfp -Knooptlib_string -Koptmsg=2
                          -Knopc_relative_literal_loads -Kplt -Knopreex
                          -Kprefetch_noconditional -Kprefetch_noindirect
                          -Kprefetch_sequential=auto -Kprefetch_nostride
                          -Kprefetch_cache_level=all -Kprefetch_noinfer
                          -Kprefetch_strong -Kprefetch_strong_L2 -Knopreload
                          -Ksch_post_ra -Ksch_pre_ra -Ksibling_calls -Ksimd=1
                          -Ksimd_packed_promotion -Ksimd_reduction_product
                          -Ksimd_reg_size=512 -Ksimd_nouncounted_loop
                          -Ksimd_use_multiple_structures -Knostriping
                          -Knosubscript_opt -Kswp -Kswp_freg_rate=100
                          -Kswp_ireg_rate=100 -Kswp_preg_rate=100
                          -Kswp_policy=auto -Ktemparraystack -Kunroll
                          -Knounroll_and_jam -Knozfill
                          -Kopenmp -Kopenmp_noassume_norecurrence
                          -Kopenmp_nocollapse_except_innermost
                          -Kopenmp_noordered_reduction -Knoopenmp_simd
                          -Kthreadsafe -Kparallel -Kparallel_nofp_precision
                          -Knoarray_private -Knodynamic_iteration -Kreduction
                          -Kregion_extension
                          -Nallextput -Nnoalloc_assign
                          -Ncancel_overtime_compilation -Nnocheck_global
                          -Ncheck_intrfunc -Nnocoarray -Nnocompdisp
                          -Nnocopyarg -Nnocoverage -Nfjprof -Nfreealloc
                          -Nf90move -Nnohook_func -Nnohook_time -Nlibomp
                          -Nline -Nlst -Nlst=a -Nlst=d -Nlst=i -Nlst=p
                          -Nlst=t -Nlst=x -Nnomallocfree -Nnoobsfun
                          -Nnoprivatealloc -Nquickdbg=noargchk
                          -Nquickdbg=nosubchk -Nquickdbg=noundef -NRnotrap
                          -Nnorecursive -Nnoreordered_variable_stack
                          -Nrt_notune -Nnosave -Nsetvalue=noheap
                          -Nsetvalue=nostack -Nsetvalue=noscalar
                          -Nsetvalue=noarray -Nsetvalue=nostruct -Nuse_rodata

 External subroutine subprogram "cpl_init"
  (inc)(line-no.)(nest)(optimize)
               1                     subroutine cpl_init(n_comps, mct_comm_world, id_comp, ngrid_comp)
               2                       use m_MCTWorld, only: MCTWorld_init => init
               3                       use cpl_rank, only:myrank_root_all, ngrid_comp_all
               4                       use MPI
               5                       implicit none
               6                     
               7                       integer, intent(in) :: n_comps, mct_comm_world, id_comp
               8                       integer, intent(in), optional :: ngrid_comp
               9                       integer :: ierr
              10                     
              11                       call MCTWorld_init(n_comps, MPI_COMM_WORLD, mct_comm_world, id_comp)
              12                       !ngrid_comp_all(id_comp) = ngrid_comp
              13                       !call MPI_BCAST(ngrid_comp_all(id_comp), 1, MPI_INT, myrank_root_all, MPI_COMM_WORLD, ierr)
              14                       !itag = 1
              15                       !call MPI_SEND( ngrid_comp_all(id_comp), 1, MPI_INTEGER, rank_root_all(id_gfs), 1, MPI_COMM_WORLD, ierr )
              16                       !ngrid_comp_all(id_comp) = ngrid_comp
              17                       call MPI_BARRIER(MPI_COMM_WORLD, ierr)
              18                       !write(*,'(a16,5i7)') 'myrank_root_all:',myrank_root_all, ngrid_comp_all
              19                     end subroutine cpl_init
              20                     
              21                     

 Procedure information
   Lines      : 21
   Statements : 11
   Stack(byte): 432
   Prefetch num: 0

 Scoping unit of external sub-program : cpl_init
   Attribute and Cross reference of name
     cpl_init
      |(Class and Type) : external subroutine name
      |(Attributes)     : 
      |(Declaration)    : 
      |(Definition)     : 1
      |(Reference)      : 19
     cpl_rank
      |(Class and Type) : module name
      |(Attributes)     : 
      |(Declaration)    : 
      |(Definition)     : 
      |(Reference)      : 3
     id_comp
      |(Class and Type) : variable name, INTEGER(4)
      |(Attributes)     : INTENT(IN), dummy-argument
      |(Declaration)    : 1  7
      |(Definition)     : 
      |(Reference)      : 11
     ierr
      |(Class and Type) : variable name, INTEGER(4)
      |(Attributes)     : 
      |(Declaration)    : 9
      |(Definition)     : 17
      |(Reference)      : 
     init
      |(Class and Type) : use name
      |(Attributes)     : 
      |(Declaration)    : 
      |(Definition)     : 
      |(Reference)      : 2
     MCTWorld_init
      |(Class and Type) : generic name
      |(Attributes)     : use-associated
      |(Declaration)    : 
      |(Definition)     : 
      |(Reference)      : 2  11
     MPI
      |(Class and Type) : module name
      |(Attributes)     : 
      |(Declaration)    : 
      |(Definition)     : 
      |(Reference)      : 4
     m_MCTWorld
      |(Class and Type) : module name
      |(Attributes)     : 
      |(Declaration)    : 
      |(Definition)     : 
      |(Reference)      : 2
     mct_comm_world
      |(Class and Type) : variable name, INTEGER(4)
      |(Attributes)     : INTENT(IN), dummy-argument
      |(Declaration)    : 1  7
      |(Definition)     : 
      |(Reference)      : 11
     mpi_barrier
      |(Class and Type) : generic name
      |(Attributes)     : use-associated
      |(Declaration)    : 
      |(Definition)     : 
      |(Reference)      : 17
     mpi_comm_world
      |(Class and Type) : named constant, INTEGER(4)
      |(Attributes)     : use-associated
      |(Declaration)    : 
      |(Definition)     : 
      |(Reference)      : 11  17
     myrank_root_all
      |(Class and Type) : variable name, INTEGER(4)
      |(Attributes)     : use-associated
      |(Declaration)    : 
      |(Definition)     : 
      |(Reference)      : 3
     n_comps
      |(Class and Type) : variable name, INTEGER(4)
      |(Attributes)     : INTENT(IN), dummy-argument
      |(Declaration)    : 1  7
      |(Definition)     : 
      |(Reference)      : 11
     ngrid_comp
      |(Class and Type) : variable name, INTEGER(4)
      |(Attributes)     : INTENT(IN), OPTIONAL, dummy-argument
      |(Declaration)    : 1  8
      |(Definition)     : 
      |(Reference)      : 
     ngrid_comp_all
      |(Class and Type) : variable name, INTEGER(4)
      |(Attributes)     : DIMENSION, use-associated
      |(Declaration)    : 
      |(Definition)     : 
      |(Reference)      : 3

 Total information
   Procedures       : 1
   Total lines      : 21
   Total statements : 11
   Total stack(byte): 432
   Total prefetch num: 0

