
 Fujitsu Fortran Version 4.6.1  Mon Oct 27 15:44:42 2025

 Compilation information
   Current directory : /IFS/nwpr/gfs/xb157/CICE/GEPSv3/coupler
   Source file       : cpl_attr.F90

 Option information
   Command line options : -Kident_mpi -f2004 -c -X9 -Free -CcdRR8 -Cpp -Kfast,parallel,openmp,ocl -Ksimd=1 -SSL2BLAMP -x- -fw -Ec -Nlst=a,lst=d,lst=i,lst=p,lst=t,lst=x -Koptmsg=2 -Ncheck_intrfunc -I/data/common/gfs/GEPSv3_lib/fx1000/MCT/include -I/data/common/gfs/GEPSv3_lib/fx1000/netcdf-4.7.4/include -I/opt/FJSVxtclanga/.common/MELI025/include/mpi/fujitsu -I/opt/FJSVxtclanga/.common/MELI025/lib64 -Knointentopt
   Cpp options          : -I/data/common/gfs/GEPSv3_lib/fx1000/MCT/include -I/data/common/gfs/GEPSv3_lib/fx1000/netcdf-4.7.4/include -I/opt/FJSVxtclanga/.common/MELI025/include/mpi/fujitsu -I/opt/FJSVxtclanga/.common/MELI025/lib64 -Dunix -Dlinux -D__FUJITSU -D__FRT_major__=4 -D__FRT_minor__=6 -D__FRT_patchlevel__=1 -D__FRT_version__="4.6.1" -D__aarch64__ -D__unix -D_OPENMP=201511 -D__frt_version=800 -D__ARM_ARCH=8 -D__ARM_FEATURE_SVE -D__ELF__ -D__unix__ -D__linux__ -D__linux -Asystem(unix) -otmp
   Effective options    : -fw -g0 -AE -Ec -Free -O3 -X9
                          -CcdRR8 -x- -xaccept=nomodule_allocatable
                          -KA64FX -KARMV8_3_A -KSVE -Kalign_commons
                          -Kalign_loops -Knoarray_declaration_opt
                          -Kassume=noshortloop -Kassume=nomemory_bandwidth
                          -Kassume=notime_saving_compilation -Kauto
                          -Kautoobjstack -Knocalleralloc -Kcmodel=small
                          -Keval -Keval_noconcurrent -Knoextract_stride_store
                          -Knofenv_access -Kfp_contract -Kfp_relaxed
                          -Kfsimple -Kfz -Khpctag -Kilfunc=procedure
                          -Knointentopt -Klargepage -Kloop_blocking
                          -Kloop_fission -Kloop_nofission_stripmining
                          -Kloop_fission_threshold=50 -Kloop_fusion
                          -Kloop_interchange -Kloop_part_parallel
                          -Kloop_part_simd -Kloop_perfect_nest
                          -Kloop_noversioning -Knolto -Kmfunc=1 -Kocl
                          -Komitfp -Knooptlib_string -Koptmsg=2
                          -Knopc_relative_literal_loads -Kplt -Knopreex
                          -Kprefetch_noconditional -Kprefetch_noindirect
                          -Kprefetch_sequential=auto -Kprefetch_nostride
                          -Kprefetch_cache_level=all -Kprefetch_noinfer
                          -Kprefetch_strong -Kprefetch_strong_L2 -Knopreload
                          -Ksch_post_ra -Ksch_pre_ra -Ksibling_calls -Ksimd=1
                          -Ksimd_packed_promotion -Ksimd_reduction_product
                          -Ksimd_reg_size=512 -Ksimd_nouncounted_loop
                          -Ksimd_use_multiple_structures -Knostriping
                          -Knosubscript_opt -Kswp -Kswp_freg_rate=100
                          -Kswp_ireg_rate=100 -Kswp_preg_rate=100
                          -Kswp_policy=auto -Ktemparraystack -Kunroll
                          -Knounroll_and_jam -Knozfill
                          -Kopenmp -Kopenmp_noassume_norecurrence
                          -Kopenmp_nocollapse_except_innermost
                          -Kopenmp_noordered_reduction -Knoopenmp_simd
                          -Kthreadsafe -Kparallel -Kparallel_nofp_precision
                          -Knoarray_private -Knodynamic_iteration -Kreduction
                          -Kregion_extension
                          -Nallextput -Nnoalloc_assign
                          -Ncancel_overtime_compilation -Nnocheck_global
                          -Ncheck_intrfunc -Nnocoarray -Nnocompdisp
                          -Nnocopyarg -Nnocoverage -Nfjprof -Nfreealloc
                          -Nf90move -Nnohook_func -Nnohook_time -Nlibomp
                          -Nline -Nlst -Nlst=a -Nlst=d -Nlst=i -Nlst=p
                          -Nlst=t -Nlst=x -Nnomallocfree -Nnoobsfun
                          -Nnoprivatealloc -Nquickdbg=noargchk
                          -Nquickdbg=nosubchk -Nquickdbg=noundef -NRnotrap
                          -Nnorecursive -Nnoreordered_variable_stack
                          -Nrt_notune -Nnosave -Nsetvalue=noheap
                          -Nsetvalue=nostack -Nsetvalue=noscalar
                          -Nsetvalue=noarray -Nsetvalue=nostruct -Nuse_rodata

 Module "cpl_attr"
  (inc)(line-no.)(nest)(optimize)
               1                     module cpl_attr
               2                       use m_AttrVect, only: AttrVect
               3                       use m_AttrVect, only: AttrVect_init => init
               4                       use m_AttrVect, only: AttrVect_importRAttr => importRAttr
               5                       use m_AttrVect, only: mct_aVect_indexIA => indexIA
               6                       use m_AttrVect, only: mct_aVect_indexRA => indexRA
               7                       use m_Router,   only: Router
               8                       use m_Router,   only: Router_init => init
               9                       use cpl_rank
              10                       implicit none
              11                     
              12                       type(AttrVect), target :: gfs_export_Attr
              13                       type(AttrVect), target :: gfs_send_gocn_Attr
              14                       type(AttrVect), target :: gfs_recv_gocn_Attr
              15                       type(AttrVect), target :: gfs_nested_Attr
              16                       type(AttrVect), target :: gfs_send_rsm_Attr
              17                     
              18                       type(AttrVect), target :: rsm_export_Attr
              19                       type(AttrVect), target :: rsm_send_rocn_Attr
              20                       type(AttrVect), target :: rsm_recv_rocn_Attr
              21                       type(AttrVect), target :: rsm_nested_Attr
              22                       type(AttrVect), target :: rsm_recv_gfs_Attr
              23                     
              24                       type(AttrVect), target :: gocn_export_Attr
              25                       type(AttrVect), target :: gocn_send_gfs_Attr
              26                       type(AttrVect), target :: gocn_recv_gfs_Attr
              27                       type(AttrVect), target :: gocn_nested_Attr
              28                       type(AttrVect), target :: gocn_send_rocn_Attr
              29                     
              30                       type(AttrVect), target :: rocn_export_Attr
              31                       type(AttrVect), target :: rocn_send_rsm_Attr
              32                       type(AttrVect), target :: rocn_recv_rsm_Attr
              33                       type(AttrVect), target :: rocn_nested_Attr
              34                       type(AttrVect), target :: rocn_recv_gocn_Attr
              35                     
              36                       type(Router), target :: gfs_send_gocn_Rout
              37                       type(Router), target :: gfs_recv_gocn_Rout
              38                       type(Router), target :: gfs_send_rsm_Rout
              39                     
              40                       type(Router), target :: rsm_send_rocn_Rout
              41                       type(Router), target :: rsm_recv_rocn_Rout
              42                       type(Router), target :: rsm_recv_gfs_Rout
              43                     
              44                       type(Router), target :: gocn_send_gfs_Rout
              45                       type(Router), target :: gocn_recv_gfs_Rout
              46                       type(Router), target :: gocn_send_rocn_Rout
              47                     
              48                       type(Router), target :: rocn_send_rsm_Rout
              49                       type(Router), target :: rocn_recv_rsm_Rout
              50                       type(Router), target :: rocn_recv_gocn_Rout
              51                     
              52                       character(len=256), target ::  gfsExport_rList = "u10m:v10m:t02m:q02m:pslv:swup:swdn:lwdn:rain:snow:tg"
              53                       character(len=256), target ::  rsmExport_rList = "u10m:v10m:t02m:q02m:pslv:swup:swdn:lwdn:rain:tsea"
              54                       character(len=256), target :: gocnExport_rList = "sst:ssu:ssv:ifrc:vice:vsno"
              55                       character(len=256), target :: rocnExport_rList = "sst:ssu:ssv"
              56                     
              57                       character(len=256), target ::  gfsNested_rList = "field1:field2"
              58                       character(len=256), target ::  rsmNested_rList = "field1:field2"
              59                       character(len=256), target :: gocnNested_rList = "ocn_u:ocn_v:ocn_t:ocn_s"
              60                       character(len=256), target :: rocnNested_rList = "ocn_u:ocn_v:ocn_t:ocn_s"
              61                     
              62                     
              63                       character(len=256), target ::   gfs2gocn_rList = "u10m:v10m:t02m:q02m:pslv:swup:swdn:lwdn:rain:snow:tg"
              64                       character(len=256), target ::   gocn2gfs_rList = "sst:ssu:ssv:ifrc:vice:vsno"
              65                       character(len=256), target ::    gfs2rsm_rList = "field1:field2"
              66                       character(len=256), target ::  gocn2rocn_rList = "ocn_u:ocn_v:ocn_t:ocn_s"
              67                       character(len=256), target ::   rsm2rocn_rList = "u10m:v10m:t02m:q02m:pslv:swup:swdn:lwdn:rain:tsea"
              68                       character(len=256), target ::   rocn2rsm_rList = "sst:ssu:ssv"
              69                     contains
              70                     
              71                     subroutine cpl_attr_init(id_src, id_dst, mpi_comm_mct)
              72                     !  use m_GlobalSegMap,only: GlobalSegMap
              73                       use cpl_gsmap
              74                       implicit none
              75                     
              76                       integer, intent(in) :: id_src
              77                       integer, intent(in) :: id_dst
              78                       integer, intent(in) :: mpi_comm_mct
              79                       integer :: send_size, recv_size, export_size
              80                       character(len=256), pointer :: send_list, recv_list, export_list
              81                       type(GlobalSegMap), pointer :: dstGSMap, srcGSMap
              82                       type(AttrVect), pointer :: send_attr, recv_attr, export_attr
              83                       type(Router), pointer :: send_rout, recv_rout
              84                     
              85     1                 if(id_src .eq. id_gfs .and. id_dst .eq. id_gocn) then
              86     1               
              87     1                   call AttrVect_init(gfs_export_Attr,    rList=gfsExport_rList, lsize=avsize(id_src))
              88     1                   call AttrVect_init(gfs_send_gocn_Attr, rList=gfs2gocn_rList,  lsize=avsize(id_dst))
              89     1                   call AttrVect_init(gfs_recv_gocn_Attr, rList=gocn2gfs_rList,  lsize=avsize(id_src))
              90     1                   call Router_init(id_dst, gocn_in_gfsGSMap, mpi_comm_mct, gfs_send_gocn_Rout)
              91     1                   call Router_init(id_dst,         gfsGSMap, mpi_comm_mct, gfs_recv_gocn_Rout)
              92     1               
              93     1                 elseif(id_src .eq. id_gocn .and. id_dst .eq. id_gfs) then
              94     1               
              95     1                   call AttrVect_init(gocn_export_Attr,   rList=gocnExport_rList, lsize=avsize(id_src))
              96     1                   call AttrVect_init(gocn_send_gfs_Attr, rList=gocn2gfs_rList,   lsize=avsize(id_dst))
              97     1                   call AttrVect_init(gocn_recv_gfs_Attr, rList=gfs2gocn_rList,   lsize=avsize(id_src))
              98     1                   call Router_init(id_dst,        gocnGSMap, mpi_comm_mct, gocn_recv_gfs_Rout)
              99     1                   call Router_init(id_dst, gfs_in_gocnGSMap, mpi_comm_mct, gocn_send_gfs_Rout)
             100     1               
             101     1                 elseif(id_src .eq. id_gfs .and. id_dst .eq. id_rsm) then
             102     1               
             103     1                   call AttrVect_init(gfs_nested_Attr,    rList=gfsNested_rList, lsize=avsize(id_src))
             104     1                   call AttrVect_init(gfs_send_rsm_Attr,  rList=gfs2rsm_rList,   lsize=avsize(id_dst))
             105     1                   call Router_init(id_dst, rsm_in_gfsGSMap, mpi_comm_mct, gfs_send_rsm_Rout)
             106     1               
             107     1                 elseif(id_src .eq. id_rsm .and. id_dst .eq. id_gfs) then
             108     1               
             109     1                   call AttrVect_init(rsm_nested_Attr,    rList=rsmNested_rList, lsize=avsize(id_src))
             110     1                   call AttrVect_init(rsm_recv_gfs_Attr,  rList=gfs2rsm_rList,   lsize=avsize(id_src))
             111     1                   call Router_init(id_dst, rsmGSMap, mpi_comm_mct, rsm_recv_gfs_Rout)
             112     1               
             113     1                 elseif(id_src .eq. id_gocn .and. id_dst .eq. id_rocn) then
             114     1               
             115     1                   call AttrVect_init(gocn_nested_Attr,    rList=gocnNested_rList, lsize=avsize(id_src))
             116     1                   call AttrVect_init(gocn_send_rocn_Attr, rList=gocn2rocn_rList,  lsize=avsize(id_dst))
             117     1                   call Router_init(id_dst, rocn_in_gocnGSMap, mpi_comm_mct, gocn_send_rocn_Rout)
             118     1               
             119     1                 elseif(id_src .eq. id_rocn .and. id_dst .eq. id_gocn) then
             120     1               
             121     1                   call AttrVect_init(rocn_nested_Attr,    rList=rocnNested_rList, lsize=avsize(id_src))
             122     1                   call AttrVect_init(rocn_recv_gocn_Attr, rList=gocn2rocn_rList,  lsize=avsize(id_src))
             123     1                   call Router_init(id_dst, rocnGSMap, mpi_comm_mct, rocn_recv_gocn_Rout)
             124     1               
             125     1                 elseif(id_src .eq. id_rsm .and. id_dst .eq. id_rocn) then
             126     1               
             127     1                   call AttrVect_init(rsm_export_Attr,    rList=rsmExport_rList, lsize=avsize(id_src))
             128     1                   call AttrVect_init(rsm_send_rocn_Attr, rList=rsm2rocn_rList,  lsize=avsize(id_dst))
             129     1                   call AttrVect_init(rsm_recv_rocn_Attr, rList=rocn2rsm_rList,  lsize=avsize(id_src))
             130     1                   call Router_init(id_dst, rocn_in_rsmGSMap, mpi_comm_mct, rsm_send_rocn_Rout)
             131     1                   call Router_init(id_dst,         rsmGSMap, mpi_comm_mct, rsm_recv_rocn_Rout)
             132     1               
             133     1                 elseif(id_src .eq. id_rocn .and. id_dst .eq. id_rsm) then
             134     1               
             135     1                   call AttrVect_init(rocn_export_Attr,   rList=rocnExport_rList, lsize=avsize(id_src))
             136     1                   call AttrVect_init(rocn_send_rsm_Attr, rList=rocn2rsm_rList,   lsize=avsize(id_dst))
             137     1                   call AttrVect_init(rocn_recv_rsm_Attr, rList=rsm2rocn_rList,   lsize=avsize(id_src))
             138     1                   call Router_init(id_dst,        rocnGSMap, mpi_comm_mct, rocn_recv_rsm_Rout)
             139     1                   call Router_init(id_dst, rsm_in_rocnGSMap, mpi_comm_mct, rocn_send_rsm_Rout)
             140     1               
             141     1                 end if
             142                     
             143                     end subroutine cpl_attr_init
             144                     
             145                     end module cpl_attr

 Procedure information
   Lines      : 145
   Statements : 111
   Stack(byte): 704
   Prefetch num: 0

 Scoping unit of module : cpl_attr
   Attribute and Cross reference of name
     AttrVect
      |(Class and Type) : type name
      |(Attributes)     : PUBLIC, use-associated
      |(Declaration)    : 
      |(Definition)     : 
      |(Reference)      : 2  12  13  14  15  16  18  19  20  21  22  24  25  26  27  28  30  31  32  33  34
     AttrVect_importRAttr
      |(Class and Type) : generic name
      |(Attributes)     : PUBLIC, use-associated
      |(Declaration)    : 
      |(Definition)     : 
      |(Reference)      : 4
     AttrVect_init
      |(Class and Type) : generic name
      |(Attributes)     : PUBLIC, use-associated
      |(Declaration)    : 
      |(Definition)     : 
      |(Reference)      : 3
     cpl_attr
      |(Class and Type) : module name
      |(Attributes)     : 
      |(Declaration)    : 1
      |(Definition)     : 
      |(Reference)      : 145
     cpl_rank
      |(Class and Type) : module name
      |(Attributes)     : PUBLIC
      |(Declaration)    : 
      |(Definition)     : 
      |(Reference)      : 9
     gfs2gocn_rList
      |(Class and Type) : variable name, CHARACTER(256,1)
      |(Attributes)     : PUBLIC, TARGET, initialized
      |(Declaration)    : 63
      |(Definition)     : 
      |(Reference)      : 
     gfs2rsm_rList
      |(Class and Type) : variable name, CHARACTER(256,1)
      |(Attributes)     : PUBLIC, TARGET, initialized
      |(Declaration)    : 65
      |(Definition)     : 
      |(Reference)      : 
     gfsExport_rList
      |(Class and Type) : variable name, CHARACTER(256,1)
      |(Attributes)     : PUBLIC, TARGET, initialized
      |(Declaration)    : 52
      |(Definition)     : 
      |(Reference)      : 
     gfsNested_rList
      |(Class and Type) : variable name, CHARACTER(256,1)
      |(Attributes)     : PUBLIC, TARGET, initialized
      |(Declaration)    : 57
      |(Definition)     : 
      |(Reference)      : 
     gfs_export_Attr
      |(Class and Type) : variable name, TYPE(AttrVect)
      |(Attributes)     : PUBLIC, TARGET
      |(Declaration)    : 12
      |(Definition)     : 
      |(Reference)      : 
     gfs_nested_Attr
      |(Class and Type) : variable name, TYPE(AttrVect)
      |(Attributes)     : PUBLIC, TARGET
      |(Declaration)    : 15
      |(Definition)     : 
      |(Reference)      : 
     gfs_recv_gocn_Attr
      |(Class and Type) : variable name, TYPE(AttrVect)
      |(Attributes)     : PUBLIC, TARGET
      |(Declaration)    : 14
      |(Definition)     : 
      |(Reference)      : 
     gfs_recv_gocn_Rout
      |(Class and Type) : variable name, TYPE(Router)
      |(Attributes)     : PUBLIC, TARGET
      |(Declaration)    : 37
      |(Definition)     : 
      |(Reference)      : 
     gfs_send_gocn_Attr
      |(Class and Type) : variable name, TYPE(AttrVect)
      |(Attributes)     : PUBLIC, TARGET
      |(Declaration)    : 13
      |(Definition)     : 
      |(Reference)      : 
     gfs_send_gocn_Rout
      |(Class and Type) : variable name, TYPE(Router)
      |(Attributes)     : PUBLIC, TARGET
      |(Declaration)    : 36
      |(Definition)     : 
      |(Reference)      : 
     gfs_send_rsm_Attr
      |(Class and Type) : variable name, TYPE(AttrVect)
      |(Attributes)     : PUBLIC, TARGET
      |(Declaration)    : 16
      |(Definition)     : 
      |(Reference)      : 
     gfs_send_rsm_Rout
      |(Class and Type) : variable name, TYPE(Router)
      |(Attributes)     : PUBLIC, TARGET
      |(Declaration)    : 38
      |(Definition)     : 
      |(Reference)      : 
     gocn2gfs_rList
      |(Class and Type) : variable name, CHARACTER(256,1)
      |(Attributes)     : PUBLIC, TARGET, initialized
      |(Declaration)    : 64
      |(Definition)     : 
      |(Reference)      : 
     gocn2rocn_rList
      |(Class and Type) : variable name, CHARACTER(256,1)
      |(Attributes)     : PUBLIC, TARGET, initialized
      |(Declaration)    : 66
      |(Definition)     : 
      |(Reference)      : 
     gocnExport_rList
      |(Class and Type) : variable name, CHARACTER(256,1)
      |(Attributes)     : PUBLIC, TARGET, initialized
      |(Declaration)    : 54
      |(Definition)     : 
      |(Reference)      : 
     gocnNested_rList
      |(Class and Type) : variable name, CHARACTER(256,1)
      |(Attributes)     : PUBLIC, TARGET, initialized
      |(Declaration)    : 59
      |(Definition)     : 
      |(Reference)      : 
     gocn_export_Attr
      |(Class and Type) : variable name, TYPE(AttrVect)
      |(Attributes)     : PUBLIC, TARGET
      |(Declaration)    : 24
      |(Definition)     : 
      |(Reference)      : 
     gocn_nested_Attr
      |(Class and Type) : variable name, TYPE(AttrVect)
      |(Attributes)     : PUBLIC, TARGET
      |(Declaration)    : 27
      |(Definition)     : 
      |(Reference)      : 
     gocn_recv_gfs_Attr
      |(Class and Type) : variable name, TYPE(AttrVect)
      |(Attributes)     : PUBLIC, TARGET
      |(Declaration)    : 26
      |(Definition)     : 
      |(Reference)      : 
     gocn_recv_gfs_Rout
      |(Class and Type) : variable name, TYPE(Router)
      |(Attributes)     : PUBLIC, TARGET
      |(Declaration)    : 45
      |(Definition)     : 
      |(Reference)      : 
     gocn_send_gfs_Attr
      |(Class and Type) : variable name, TYPE(AttrVect)
      |(Attributes)     : PUBLIC, TARGET
      |(Declaration)    : 25
      |(Definition)     : 
      |(Reference)      : 
     gocn_send_gfs_Rout
      |(Class and Type) : variable name, TYPE(Router)
      |(Attributes)     : PUBLIC, TARGET
      |(Declaration)    : 44
      |(Definition)     : 
      |(Reference)      : 
     gocn_send_rocn_Attr
      |(Class and Type) : variable name, TYPE(AttrVect)
      |(Attributes)     : PUBLIC, TARGET
      |(Declaration)    : 28
      |(Definition)     : 
      |(Reference)      : 
     gocn_send_rocn_Rout
      |(Class and Type) : variable name, TYPE(Router)
      |(Attributes)     : PUBLIC, TARGET
      |(Declaration)    : 46
      |(Definition)     : 
      |(Reference)      : 
     importRAttr
      |(Class and Type) : use name
      |(Attributes)     : 
      |(Declaration)    : 
      |(Definition)     : 
      |(Reference)      : 4
     indexIA
      |(Class and Type) : use name
      |(Attributes)     : 
      |(Declaration)    : 
      |(Definition)     : 
      |(Reference)      : 5
     indexRA
      |(Class and Type) : use name
      |(Attributes)     : 
      |(Declaration)    : 
      |(Definition)     : 
      |(Reference)      : 6
     init
      |(Class and Type) : use name
      |(Attributes)     : 
      |(Declaration)    : 
      |(Definition)     : 
      |(Reference)      : 3  8
     m_AttrVect
      |(Class and Type) : module name
      |(Attributes)     : PUBLIC
      |(Declaration)    : 
      |(Definition)     : 
      |(Reference)      : 2  3  4  5  6
     m_Router
      |(Class and Type) : module name
      |(Attributes)     : PUBLIC
      |(Declaration)    : 
      |(Definition)     : 
      |(Reference)      : 7  8
     mct_aVect_indexIA
      |(Class and Type) : generic name
      |(Attributes)     : PUBLIC, use-associated
      |(Declaration)    : 
      |(Definition)     : 
      |(Reference)      : 5
     mct_aVect_indexRA
      |(Class and Type) : generic name
      |(Attributes)     : PUBLIC, use-associated
      |(Declaration)    : 
      |(Definition)     : 
      |(Reference)      : 6
     Router
      |(Class and Type) : type name
      |(Attributes)     : PUBLIC, use-associated
      |(Declaration)    : 
      |(Definition)     : 
      |(Reference)      : 7  36  37  38  40  41  42  44  45  46  48  49  50
     Router_init
      |(Class and Type) : generic name
      |(Attributes)     : PUBLIC, use-associated
      |(Declaration)    : 
      |(Definition)     : 
      |(Reference)      : 8
     rocn2rsm_rList
      |(Class and Type) : variable name, CHARACTER(256,1)
      |(Attributes)     : PUBLIC, TARGET, initialized
      |(Declaration)    : 68
      |(Definition)     : 
      |(Reference)      : 
     rocnExport_rList
      |(Class and Type) : variable name, CHARACTER(256,1)
      |(Attributes)     : PUBLIC, TARGET, initialized
      |(Declaration)    : 55
      |(Definition)     : 
      |(Reference)      : 
     rocnNested_rList
      |(Class and Type) : variable name, CHARACTER(256,1)
      |(Attributes)     : PUBLIC, TARGET, initialized
      |(Declaration)    : 60
      |(Definition)     : 
      |(Reference)      : 
     rocn_export_Attr
      |(Class and Type) : variable name, TYPE(AttrVect)
      |(Attributes)     : PUBLIC, TARGET
      |(Declaration)    : 30
      |(Definition)     : 
      |(Reference)      : 
     rocn_nested_Attr
      |(Class and Type) : variable name, TYPE(AttrVect)
      |(Attributes)     : PUBLIC, TARGET
      |(Declaration)    : 33
      |(Definition)     : 
      |(Reference)      : 
     rocn_recv_gocn_Attr
      |(Class and Type) : variable name, TYPE(AttrVect)
      |(Attributes)     : PUBLIC, TARGET
      |(Declaration)    : 34
      |(Definition)     : 
      |(Reference)      : 
     rocn_recv_gocn_Rout
      |(Class and Type) : variable name, TYPE(Router)
      |(Attributes)     : PUBLIC, TARGET
      |(Declaration)    : 50
      |(Definition)     : 
      |(Reference)      : 
     rocn_recv_rsm_Attr
      |(Class and Type) : variable name, TYPE(AttrVect)
      |(Attributes)     : PUBLIC, TARGET
      |(Declaration)    : 32
      |(Definition)     : 
      |(Reference)      : 
     rocn_recv_rsm_Rout
      |(Class and Type) : variable name, TYPE(Router)
      |(Attributes)     : PUBLIC, TARGET
      |(Declaration)    : 49
      |(Definition)     : 
      |(Reference)      : 
     rocn_send_rsm_Attr
      |(Class and Type) : variable name, TYPE(AttrVect)
      |(Attributes)     : PUBLIC, TARGET
      |(Declaration)    : 31
      |(Definition)     : 
      |(Reference)      : 
     rocn_send_rsm_Rout
      |(Class and Type) : variable name, TYPE(Router)
      |(Attributes)     : PUBLIC, TARGET
      |(Declaration)    : 48
      |(Definition)     : 
      |(Reference)      : 
     rsm2rocn_rList
      |(Class and Type) : variable name, CHARACTER(256,1)
      |(Attributes)     : PUBLIC, TARGET, initialized
      |(Declaration)    : 67
      |(Definition)     : 
      |(Reference)      : 
     rsmExport_rList
      |(Class and Type) : variable name, CHARACTER(256,1)
      |(Attributes)     : PUBLIC, TARGET, initialized
      |(Declaration)    : 53
      |(Definition)     : 
      |(Reference)      : 
     rsmNested_rList
      |(Class and Type) : variable name, CHARACTER(256,1)
      |(Attributes)     : PUBLIC, TARGET, initialized
      |(Declaration)    : 58
      |(Definition)     : 
      |(Reference)      : 
     rsm_export_Attr
      |(Class and Type) : variable name, TYPE(AttrVect)
      |(Attributes)     : PUBLIC, TARGET
      |(Declaration)    : 18
      |(Definition)     : 
      |(Reference)      : 
     rsm_nested_Attr
      |(Class and Type) : variable name, TYPE(AttrVect)
      |(Attributes)     : PUBLIC, TARGET
      |(Declaration)    : 21
      |(Definition)     : 
      |(Reference)      : 
     rsm_recv_gfs_Attr
      |(Class and Type) : variable name, TYPE(AttrVect)
      |(Attributes)     : PUBLIC, TARGET
      |(Declaration)    : 22
      |(Definition)     : 
      |(Reference)      : 
     rsm_recv_gfs_Rout
      |(Class and Type) : variable name, TYPE(Router)
      |(Attributes)     : PUBLIC, TARGET
      |(Declaration)    : 42
      |(Definition)     : 
      |(Reference)      : 
     rsm_recv_rocn_Attr
      |(Class and Type) : variable name, TYPE(AttrVect)
      |(Attributes)     : PUBLIC, TARGET
      |(Declaration)    : 20
      |(Definition)     : 
      |(Reference)      : 
     rsm_recv_rocn_Rout
      |(Class and Type) : variable name, TYPE(Router)
      |(Attributes)     : PUBLIC, TARGET
      |(Declaration)    : 41
      |(Definition)     : 
      |(Reference)      : 
     rsm_send_rocn_Attr
      |(Class and Type) : variable name, TYPE(AttrVect)
      |(Attributes)     : PUBLIC, TARGET
      |(Declaration)    : 19
      |(Definition)     : 
      |(Reference)      : 
     rsm_send_rocn_Rout
      |(Class and Type) : variable name, TYPE(Router)
      |(Attributes)     : PUBLIC, TARGET
      |(Declaration)    : 40
      |(Definition)     : 
      |(Reference)      : 

 Scoping unit of module sub-program : cpl_attr_init
   Attribute and Cross reference of name
     AttrVect
      |(Class and Type) : type name
      |(Attributes)     : host-associated
      |(Declaration)    : 
      |(Definition)     : 
      |(Reference)      : 82
     AttrVect_init
      |(Class and Type) : generic name
      |(Attributes)     : host-associated
      |(Declaration)    : 
      |(Definition)     : 
      |(Reference)      : 87  88  89  95  96  97  103  104  109  110  115  116  121  122  127  128  129  135  136  137
     avsize
      |(Class and Type) : variable name, INTEGER(4)
      |(Attributes)     : DIMENSION, use-associated
      |(Declaration)    : 
      |(Definition)     : 
      |(Reference)      : 87  88  89  95  96  97  103  104  109  110  115  116  121  122  127  128  129  135  136  137
     cpl_attr_init
      |(Class and Type) : module subroutine name
      |(Attributes)     : 
      |(Declaration)    : 
      |(Definition)     : 71
      |(Reference)      : 143
     cpl_gsmap
      |(Class and Type) : module name
      |(Attributes)     : 
      |(Declaration)    : 
      |(Definition)     : 
      |(Reference)      : 73
     dstGSMap
      |(Class and Type) : variable name, TYPE(GlobalSegMap)
      |(Attributes)     : POINTER
      |(Declaration)    : 81
      |(Definition)     : 
      |(Reference)      : 
     export_attr
      |(Class and Type) : variable name, TYPE(AttrVect)
      |(Attributes)     : POINTER
      |(Declaration)    : 82
      |(Definition)     : 
      |(Reference)      : 
     export_list
      |(Class and Type) : variable name, CHARACTER(256,1)
      |(Attributes)     : POINTER
      |(Declaration)    : 80
      |(Definition)     : 
      |(Reference)      : 
     export_size
      |(Class and Type) : variable name, INTEGER(4)
      |(Attributes)     : 
      |(Declaration)    : 79
      |(Definition)     : 
      |(Reference)      : 
     GlobalSegMap
      |(Class and Type) : type name
      |(Attributes)     : use-associated
      |(Declaration)    : 
      |(Definition)     : 
      |(Reference)      : 81
     gfs2gocn_rList
      |(Class and Type) : variable name, CHARACTER(256,1)
      |(Attributes)     : TARGET, host-associated, initialized
      |(Declaration)    : 
      |(Definition)     : 
      |(Reference)      : 88  97
     gfs2rsm_rList
      |(Class and Type) : variable name, CHARACTER(256,1)
      |(Attributes)     : TARGET, host-associated, initialized
      |(Declaration)    : 
      |(Definition)     : 
      |(Reference)      : 104  110
     gfsExport_rList
      |(Class and Type) : variable name, CHARACTER(256,1)
      |(Attributes)     : TARGET, host-associated, initialized
      |(Declaration)    : 
      |(Definition)     : 
      |(Reference)      : 87
     gfsGSMap
      |(Class and Type) : variable name, TYPE(GlobalSegMap)
      |(Attributes)     : TARGET, use-associated
      |(Declaration)    : 
      |(Definition)     : 
      |(Reference)      : 91
     gfsNested_rList
      |(Class and Type) : variable name, CHARACTER(256,1)
      |(Attributes)     : TARGET, host-associated, initialized
      |(Declaration)    : 
      |(Definition)     : 
      |(Reference)      : 103
     gfs_export_Attr
      |(Class and Type) : variable name, TYPE(AttrVect)
      |(Attributes)     : TARGET, host-associated
      |(Declaration)    : 
      |(Definition)     : 87
      |(Reference)      : 
     gfs_in_gocnGSMap
      |(Class and Type) : variable name, TYPE(GlobalSegMap)
      |(Attributes)     : TARGET, use-associated
      |(Declaration)    : 
      |(Definition)     : 
      |(Reference)      : 99
     gfs_nested_Attr
      |(Class and Type) : variable name, TYPE(AttrVect)
      |(Attributes)     : TARGET, host-associated
      |(Declaration)    : 
      |(Definition)     : 103
      |(Reference)      : 
     gfs_recv_gocn_Attr
      |(Class and Type) : variable name, TYPE(AttrVect)
      |(Attributes)     : TARGET, host-associated
      |(Declaration)    : 
      |(Definition)     : 89
      |(Reference)      : 
     gfs_recv_gocn_Rout
      |(Class and Type) : variable name, TYPE(Router)
      |(Attributes)     : TARGET, host-associated
      |(Declaration)    : 
      |(Definition)     : 91
      |(Reference)      : 
     gfs_send_gocn_Attr
      |(Class and Type) : variable name, TYPE(AttrVect)
      |(Attributes)     : TARGET, host-associated
      |(Declaration)    : 
      |(Definition)     : 88
      |(Reference)      : 
     gfs_send_gocn_Rout
      |(Class and Type) : variable name, TYPE(Router)
      |(Attributes)     : TARGET, host-associated
      |(Declaration)    : 
      |(Definition)     : 90
      |(Reference)      : 
     gfs_send_rsm_Attr
      |(Class and Type) : variable name, TYPE(AttrVect)
      |(Attributes)     : TARGET, host-associated
      |(Declaration)    : 
      |(Definition)     : 104
      |(Reference)      : 
     gfs_send_rsm_Rout
      |(Class and Type) : variable name, TYPE(Router)
      |(Attributes)     : TARGET, host-associated
      |(Declaration)    : 
      |(Definition)     : 105
      |(Reference)      : 
     gocn2gfs_rList
      |(Class and Type) : variable name, CHARACTER(256,1)
      |(Attributes)     : TARGET, host-associated, initialized
      |(Declaration)    : 
      |(Definition)     : 
      |(Reference)      : 89  96
     gocn2rocn_rList
      |(Class and Type) : variable name, CHARACTER(256,1)
      |(Attributes)     : TARGET, host-associated, initialized
      |(Declaration)    : 
      |(Definition)     : 
      |(Reference)      : 116  122
     gocnExport_rList
      |(Class and Type) : variable name, CHARACTER(256,1)
      |(Attributes)     : TARGET, host-associated, initialized
      |(Declaration)    : 
      |(Definition)     : 
      |(Reference)      : 95
     gocnGSMap
      |(Class and Type) : variable name, TYPE(GlobalSegMap)
      |(Attributes)     : TARGET, use-associated
      |(Declaration)    : 
      |(Definition)     : 
      |(Reference)      : 98
     gocnNested_rList
      |(Class and Type) : variable name, CHARACTER(256,1)
      |(Attributes)     : TARGET, host-associated, initialized
      |(Declaration)    : 
      |(Definition)     : 
      |(Reference)      : 115
     gocn_export_Attr
      |(Class and Type) : variable name, TYPE(AttrVect)
      |(Attributes)     : TARGET, host-associated
      |(Declaration)    : 
      |(Definition)     : 95
      |(Reference)      : 
     gocn_in_gfsGSMap
      |(Class and Type) : variable name, TYPE(GlobalSegMap)
      |(Attributes)     : TARGET, use-associated
      |(Declaration)    : 
      |(Definition)     : 
      |(Reference)      : 90
     gocn_nested_Attr
      |(Class and Type) : variable name, TYPE(AttrVect)
      |(Attributes)     : TARGET, host-associated
      |(Declaration)    : 
      |(Definition)     : 115
      |(Reference)      : 
     gocn_recv_gfs_Attr
      |(Class and Type) : variable name, TYPE(AttrVect)
      |(Attributes)     : TARGET, host-associated
      |(Declaration)    : 
      |(Definition)     : 97
      |(Reference)      : 
     gocn_recv_gfs_Rout
      |(Class and Type) : variable name, TYPE(Router)
      |(Attributes)     : TARGET, host-associated
      |(Declaration)    : 
      |(Definition)     : 98
      |(Reference)      : 
     gocn_send_gfs_Attr
      |(Class and Type) : variable name, TYPE(AttrVect)
      |(Attributes)     : TARGET, host-associated
      |(Declaration)    : 
      |(Definition)     : 96
      |(Reference)      : 
     gocn_send_gfs_Rout
      |(Class and Type) : variable name, TYPE(Router)
      |(Attributes)     : TARGET, host-associated
      |(Declaration)    : 
      |(Definition)     : 99
      |(Reference)      : 
     gocn_send_rocn_Attr
      |(Class and Type) : variable name, TYPE(AttrVect)
      |(Attributes)     : TARGET, host-associated
      |(Declaration)    : 
      |(Definition)     : 116
      |(Reference)      : 
     gocn_send_rocn_Rout
      |(Class and Type) : variable name, TYPE(Router)
      |(Attributes)     : TARGET, host-associated
      |(Declaration)    : 
      |(Definition)     : 117
      |(Reference)      : 
     id_dst
      |(Class and Type) : variable name, INTEGER(4)
      |(Attributes)     : INTENT(IN), dummy-argument
      |(Declaration)    : 71  77
      |(Definition)     : 
      |(Reference)      : 85  88  90  91  93  96  98  99  101  104  105  107  111  113  116  117  119  123  125  128  130  131  133  136  138  139
     id_gfs
      |(Class and Type) : variable name, INTEGER(4)
      |(Attributes)     : use-associated
      |(Declaration)    : 
      |(Definition)     : 
      |(Reference)      : 85  93  101  107
     id_gocn
      |(Class and Type) : variable name, INTEGER(4)
      |(Attributes)     : use-associated
      |(Declaration)    : 
      |(Definition)     : 
      |(Reference)      : 85  93  113  119
     id_rocn
      |(Class and Type) : variable name, INTEGER(4)
      |(Attributes)     : use-associated
      |(Declaration)    : 
      |(Definition)     : 
      |(Reference)      : 113  119  125  133
     id_rsm
      |(Class and Type) : variable name, INTEGER(4)
      |(Attributes)     : use-associated
      |(Declaration)    : 
      |(Definition)     : 
      |(Reference)      : 101  107  125  133
     id_src
      |(Class and Type) : variable name, INTEGER(4)
      |(Attributes)     : INTENT(IN), dummy-argument
      |(Declaration)    : 71  76
      |(Definition)     : 
      |(Reference)      : 85  87  89  93  95  97  101  103  107  109  110  113  115  119  121  122  125  127  129  133  135  137
     lsize
      |(Class and Type) : keyword argument name
      |(Attributes)     : 
      |(Declaration)    : 
      |(Definition)     : 
      |(Reference)      : 87  88  89  95  96  97  103  104  109  110  115  116  121  122  127  128  129  135  136  137
     mpi_comm_mct
      |(Class and Type) : variable name, INTEGER(4)
      |(Attributes)     : INTENT(IN), dummy-argument
      |(Declaration)    : 71  78
      |(Definition)     : 
      |(Reference)      : 90  91  98  99  105  111  117  123  130  131  138  139
     Router
      |(Class and Type) : type name
      |(Attributes)     : host-associated
      |(Declaration)    : 
      |(Definition)     : 
      |(Reference)      : 83
     Router_init
      |(Class and Type) : generic name
      |(Attributes)     : host-associated
      |(Declaration)    : 
      |(Definition)     : 
      |(Reference)      : 90  91  98  99  105  111  117  123  130  131  138  139
     rList
      |(Class and Type) : keyword argument name
      |(Attributes)     : 
      |(Declaration)    : 
      |(Definition)     : 
      |(Reference)      : 87  88  89  95  96  97  103  104  109  110  115  116  121  122  127  128  129  135  136  137
     recv_attr
      |(Class and Type) : variable name, TYPE(AttrVect)
      |(Attributes)     : POINTER
      |(Declaration)    : 82
      |(Definition)     : 
      |(Reference)      : 
     recv_list
      |(Class and Type) : variable name, CHARACTER(256,1)
      |(Attributes)     : POINTER
      |(Declaration)    : 80
      |(Definition)     : 
      |(Reference)      : 
     recv_rout
      |(Class and Type) : variable name, TYPE(Router)
      |(Attributes)     : POINTER
      |(Declaration)    : 83
      |(Definition)     : 
      |(Reference)      : 
     recv_size
      |(Class and Type) : variable name, INTEGER(4)
      |(Attributes)     : 
      |(Declaration)    : 79
      |(Definition)     : 
      |(Reference)      : 
     rocn2rsm_rList
      |(Class and Type) : variable name, CHARACTER(256,1)
      |(Attributes)     : TARGET, host-associated, initialized
      |(Declaration)    : 
      |(Definition)     : 
      |(Reference)      : 129  136
     rocnExport_rList
      |(Class and Type) : variable name, CHARACTER(256,1)
      |(Attributes)     : TARGET, host-associated, initialized
      |(Declaration)    : 
      |(Definition)     : 
      |(Reference)      : 135
     rocnGSMap
      |(Class and Type) : variable name, TYPE(GlobalSegMap)
      |(Attributes)     : TARGET, use-associated
      |(Declaration)    : 
      |(Definition)     : 
      |(Reference)      : 123  138
     rocnNested_rList
      |(Class and Type) : variable name, CHARACTER(256,1)
      |(Attributes)     : TARGET, host-associated, initialized
      |(Declaration)    : 
      |(Definition)     : 
      |(Reference)      : 121
     rocn_export_Attr
      |(Class and Type) : variable name, TYPE(AttrVect)
      |(Attributes)     : TARGET, host-associated
      |(Declaration)    : 
      |(Definition)     : 135
      |(Reference)      : 
     rocn_in_gocnGSMap
      |(Class and Type) : variable name, TYPE(GlobalSegMap)
      |(Attributes)     : TARGET, use-associated
      |(Declaration)    : 
      |(Definition)     : 
      |(Reference)      : 117
     rocn_in_rsmGSMap
      |(Class and Type) : variable name, TYPE(GlobalSegMap)
      |(Attributes)     : TARGET, use-associated
      |(Declaration)    : 
      |(Definition)     : 
      |(Reference)      : 130
     rocn_nested_Attr
      |(Class and Type) : variable name, TYPE(AttrVect)
      |(Attributes)     : TARGET, host-associated
      |(Declaration)    : 
      |(Definition)     : 121
      |(Reference)      : 
     rocn_recv_gocn_Attr
      |(Class and Type) : variable name, TYPE(AttrVect)
      |(Attributes)     : TARGET, host-associated
      |(Declaration)    : 
      |(Definition)     : 122
      |(Reference)      : 
     rocn_recv_gocn_Rout
      |(Class and Type) : variable name, TYPE(Router)
      |(Attributes)     : TARGET, host-associated
      |(Declaration)    : 
      |(Definition)     : 123
      |(Reference)      : 
     rocn_recv_rsm_Attr
      |(Class and Type) : variable name, TYPE(AttrVect)
      |(Attributes)     : TARGET, host-associated
      |(Declaration)    : 
      |(Definition)     : 137
      |(Reference)      : 
     rocn_recv_rsm_Rout
      |(Class and Type) : variable name, TYPE(Router)
      |(Attributes)     : TARGET, host-associated
      |(Declaration)    : 
      |(Definition)     : 138
      |(Reference)      : 
     rocn_send_rsm_Attr
      |(Class and Type) : variable name, TYPE(AttrVect)
      |(Attributes)     : TARGET, host-associated
      |(Declaration)    : 
      |(Definition)     : 136
      |(Reference)      : 
     rocn_send_rsm_Rout
      |(Class and Type) : variable name, TYPE(Router)
      |(Attributes)     : TARGET, host-associated
      |(Declaration)    : 
      |(Definition)     : 139
      |(Reference)      : 
     rsm2rocn_rList
      |(Class and Type) : variable name, CHARACTER(256,1)
      |(Attributes)     : TARGET, host-associated, initialized
      |(Declaration)    : 
      |(Definition)     : 
      |(Reference)      : 128  137
     rsmExport_rList
      |(Class and Type) : variable name, CHARACTER(256,1)
      |(Attributes)     : TARGET, host-associated, initialized
      |(Declaration)    : 
      |(Definition)     : 
      |(Reference)      : 127
     rsmGSMap
      |(Class and Type) : variable name, TYPE(GlobalSegMap)
      |(Attributes)     : TARGET, use-associated
      |(Declaration)    : 
      |(Definition)     : 
      |(Reference)      : 111  131
     rsmNested_rList
      |(Class and Type) : variable name, CHARACTER(256,1)
      |(Attributes)     : TARGET, host-associated, initialized
      |(Declaration)    : 
      |(Definition)     : 
      |(Reference)      : 109
     rsm_export_Attr
      |(Class and Type) : variable name, TYPE(AttrVect)
      |(Attributes)     : TARGET, host-associated
      |(Declaration)    : 
      |(Definition)     : 127
      |(Reference)      : 
     rsm_in_gfsGSMap
      |(Class and Type) : variable name, TYPE(GlobalSegMap)
      |(Attributes)     : TARGET, use-associated
      |(Declaration)    : 
      |(Definition)     : 
      |(Reference)      : 105
     rsm_in_rocnGSMap
      |(Class and Type) : variable name, TYPE(GlobalSegMap)
      |(Attributes)     : TARGET, use-associated
      |(Declaration)    : 
      |(Definition)     : 
      |(Reference)      : 139
     rsm_nested_Attr
      |(Class and Type) : variable name, TYPE(AttrVect)
      |(Attributes)     : TARGET, host-associated
      |(Declaration)    : 
      |(Definition)     : 109
      |(Reference)      : 
     rsm_recv_gfs_Attr
      |(Class and Type) : variable name, TYPE(AttrVect)
      |(Attributes)     : TARGET, host-associated
      |(Declaration)    : 
      |(Definition)     : 110
      |(Reference)      : 
     rsm_recv_gfs_Rout
      |(Class and Type) : variable name, TYPE(Router)
      |(Attributes)     : TARGET, host-associated
      |(Declaration)    : 
      |(Definition)     : 111
      |(Reference)      : 
     rsm_recv_rocn_Attr
      |(Class and Type) : variable name, TYPE(AttrVect)
      |(Attributes)     : TARGET, host-associated
      |(Declaration)    : 
      |(Definition)     : 129
      |(Reference)      : 
     rsm_recv_rocn_Rout
      |(Class and Type) : variable name, TYPE(Router)
      |(Attributes)     : TARGET, host-associated
      |(Declaration)    : 
      |(Definition)     : 131
      |(Reference)      : 
     rsm_send_rocn_Attr
      |(Class and Type) : variable name, TYPE(AttrVect)
      |(Attributes)     : TARGET, host-associated
      |(Declaration)    : 
      |(Definition)     : 128
      |(Reference)      : 
     rsm_send_rocn_Rout
      |(Class and Type) : variable name, TYPE(Router)
      |(Attributes)     : TARGET, host-associated
      |(Declaration)    : 
      |(Definition)     : 130
      |(Reference)      : 
     send_attr
      |(Class and Type) : variable name, TYPE(AttrVect)
      |(Attributes)     : POINTER
      |(Declaration)    : 82
      |(Definition)     : 
      |(Reference)      : 
     send_list
      |(Class and Type) : variable name, CHARACTER(256,1)
      |(Attributes)     : POINTER
      |(Declaration)    : 80
      |(Definition)     : 
      |(Reference)      : 
     send_rout
      |(Class and Type) : variable name, TYPE(Router)
      |(Attributes)     : POINTER
      |(Declaration)    : 83
      |(Definition)     : 
      |(Reference)      : 
     send_size
      |(Class and Type) : variable name, INTEGER(4)
      |(Attributes)     : 
      |(Declaration)    : 79
      |(Definition)     : 
      |(Reference)      : 
     srcGSMap
      |(Class and Type) : variable name, TYPE(GlobalSegMap)
      |(Attributes)     : POINTER
      |(Declaration)    : 81
      |(Definition)     : 
      |(Reference)      : 

 Total information
   Procedures       : 1
   Total lines      : 145
   Total statements : 111
   Total stack(byte): 704
   Total prefetch num: 0

